// Jest Snapshot v1, https://goo.gl/fbAQLP

exports[`ProductItem renders a ProductItem 1`] = `
{
  "asFragment": [Function],
  "baseElement": <body>
    <div>
      <a
        href="/product-list/1"
      >
        <h1>
          Product Item
        </h1>
        <div
          class="wrapper"
        >
          <img
            alt="my item"
            class="base"
            data-nimg="1"
            decoding="async"
            height="600"
            loading="lazy"
            src="/_next/image?url=%2Ftshirt.png&w=1200&q=75"
            srcset="/_next/image?url=%2Ftshirt.png&w=640&q=75 1x, /_next/image?url=%2Ftshirt.png&w=1200&q=75 2x"
            style="color: transparent;"
            width="600"
          />
          <img
            alt="my item"
            class="printImage"
            data-nimg="1"
            decoding="async"
            height="200"
            loading="lazy"
            src="/_next/image?url=https%3A%2F%2Frickandmortyapi.com%2Fapi%2Fcharacter%2Favatar%2F152.jpeg&w=640&q=75"
            srcset="/_next/image?url=https%3A%2F%2Frickandmortyapi.com%2Fapi%2Fcharacter%2Favatar%2F152.jpeg&w=256&q=75 1x, /_next/image?url=https%3A%2F%2Frickandmortyapi.com%2Fapi%2Fcharacter%2Favatar%2F152.jpeg&w=640&q=75 2x"
            style="color: transparent;"
            width="200"
          />
        </div>
        <h2>
          my item
        </h2>
      </a>
      <button>
        Add to cart
      </button>
    </div>
  </body>,
  "container": <div>
    <a
      href="/product-list/1"
    >
      <h1>
        Product Item
      </h1>
      <div
        class="wrapper"
      >
        <img
          alt="my item"
          class="base"
          data-nimg="1"
          decoding="async"
          height="600"
          loading="lazy"
          src="/_next/image?url=%2Ftshirt.png&w=1200&q=75"
          srcset="/_next/image?url=%2Ftshirt.png&w=640&q=75 1x, /_next/image?url=%2Ftshirt.png&w=1200&q=75 2x"
          style="color: transparent;"
          width="600"
        />
        <img
          alt="my item"
          class="printImage"
          data-nimg="1"
          decoding="async"
          height="200"
          loading="lazy"
          src="/_next/image?url=https%3A%2F%2Frickandmortyapi.com%2Fapi%2Fcharacter%2Favatar%2F152.jpeg&w=640&q=75"
          srcset="/_next/image?url=https%3A%2F%2Frickandmortyapi.com%2Fapi%2Fcharacter%2Favatar%2F152.jpeg&w=256&q=75 1x, /_next/image?url=https%3A%2F%2Frickandmortyapi.com%2Fapi%2Fcharacter%2Favatar%2F152.jpeg&w=640&q=75 2x"
          style="color: transparent;"
          width="200"
        />
      </div>
      <h2>
        my item
      </h2>
    </a>
    <button>
      Add to cart
    </button>
  </div>,
  "debug": [Function],
  "findAllByAltText": [Function],
  "findAllByDisplayValue": [Function],
  "findAllByLabelText": [Function],
  "findAllByPlaceholderText": [Function],
  "findAllByRole": [Function],
  "findAllByTestId": [Function],
  "findAllByText": [Function],
  "findAllByTitle": [Function],
  "findByAltText": [Function],
  "findByDisplayValue": [Function],
  "findByLabelText": [Function],
  "findByPlaceholderText": [Function],
  "findByRole": [Function],
  "findByTestId": [Function],
  "findByText": [Function],
  "findByTitle": [Function],
  "getAllByAltText": [Function],
  "getAllByDisplayValue": [Function],
  "getAllByLabelText": [Function],
  "getAllByPlaceholderText": [Function],
  "getAllByRole": [Function],
  "getAllByTestId": [Function],
  "getAllByText": [Function],
  "getAllByTitle": [Function],
  "getByAltText": [Function],
  "getByDisplayValue": [Function],
  "getByLabelText": [Function],
  "getByPlaceholderText": [Function],
  "getByRole": [Function],
  "getByTestId": [Function],
  "getByText": [Function],
  "getByTitle": [Function],
  "queryAllByAltText": [Function],
  "queryAllByDisplayValue": [Function],
  "queryAllByLabelText": [Function],
  "queryAllByPlaceholderText": [Function],
  "queryAllByRole": [Function],
  "queryAllByTestId": [Function],
  "queryAllByText": [Function],
  "queryAllByTitle": [Function],
  "queryByAltText": [Function],
  "queryByDisplayValue": [Function],
  "queryByLabelText": [Function],
  "queryByPlaceholderText": [Function],
  "queryByRole": [Function],
  "queryByTestId": [Function],
  "queryByText": [Function],
  "queryByTitle": [Function],
  "rerender": [Function],
  "unmount": [Function],
}
`;
