// Jest Snapshot v1, https://goo.gl/fbAQLP

exports[`Footer renders a Footer 1`] = `
{
  "asFragment": [Function],
  "baseElement": <body>
    <div>
      <footer
        class="container"
      >
        Lorem ipsum dolor sit, amet consectetur adipisicing elit. Pariatur reprehenderit aspernatur odit quisquam. Ipsam dolores aliquam omnis consequatur ipsa, excepturi vitae nisi illum repellendus molestiae odio itaque molestias mollitia laborum dicta corrupti quae vel quas dignissimos doloribus. Laudantium, autem! Nobis dolor, porro voluptatem alias quod beatae atque adipisci quas. Natus.
      </footer>
    </div>
  </body>,
  "container": <div>
    <footer
      class="container"
    >
      Lorem ipsum dolor sit, amet consectetur adipisicing elit. Pariatur reprehenderit aspernatur odit quisquam. Ipsam dolores aliquam omnis consequatur ipsa, excepturi vitae nisi illum repellendus molestiae odio itaque molestias mollitia laborum dicta corrupti quae vel quas dignissimos doloribus. Laudantium, autem! Nobis dolor, porro voluptatem alias quod beatae atque adipisci quas. Natus.
    </footer>
  </div>,
  "debug": [Function],
  "findAllByAltText": [Function],
  "findAllByDisplayValue": [Function],
  "findAllByLabelText": [Function],
  "findAllByPlaceholderText": [Function],
  "findAllByRole": [Function],
  "findAllByTestId": [Function],
  "findAllByText": [Function],
  "findAllByTitle": [Function],
  "findByAltText": [Function],
  "findByDisplayValue": [Function],
  "findByLabelText": [Function],
  "findByPlaceholderText": [Function],
  "findByRole": [Function],
  "findByTestId": [Function],
  "findByText": [Function],
  "findByTitle": [Function],
  "getAllByAltText": [Function],
  "getAllByDisplayValue": [Function],
  "getAllByLabelText": [Function],
  "getAllByPlaceholderText": [Function],
  "getAllByRole": [Function],
  "getAllByTestId": [Function],
  "getAllByText": [Function],
  "getAllByTitle": [Function],
  "getByAltText": [Function],
  "getByDisplayValue": [Function],
  "getByLabelText": [Function],
  "getByPlaceholderText": [Function],
  "getByRole": [Function],
  "getByTestId": [Function],
  "getByText": [Function],
  "getByTitle": [Function],
  "queryAllByAltText": [Function],
  "queryAllByDisplayValue": [Function],
  "queryAllByLabelText": [Function],
  "queryAllByPlaceholderText": [Function],
  "queryAllByRole": [Function],
  "queryAllByTestId": [Function],
  "queryAllByText": [Function],
  "queryAllByTitle": [Function],
  "queryByAltText": [Function],
  "queryByDisplayValue": [Function],
  "queryByLabelText": [Function],
  "queryByPlaceholderText": [Function],
  "queryByRole": [Function],
  "queryByTestId": [Function],
  "queryByText": [Function],
  "queryByTitle": [Function],
  "rerender": [Function],
  "unmount": [Function],
}
`;
